// Jest Snapshot v1, https://goo.gl/fbAQLP

exports[`renders correctly 1`] = `
<Searchbox>
  <div
    style={
      Object {
        "backgroundColor": "#F3CE56",
        "padding": "1em",
      }
    }
  >
    <h1
      style={
        Object {
          "fontWeight": "bold",
          "textAlign": "left",
        }
      }
    >
      Where are you going?
    </h1>
    <Form
      hideRequiredMark={false}
      layout="horizontal"
      onSubmit={[Function]}
      prefixCls="ant-form"
    >
      <form
        className="ant-form ant-form-horizontal"
        onSubmit={[Function]}
      >
        <FormItem
          colon={true}
          hasFeedback={false}
          prefixCls="ant-form"
        >
          <Row
            className="ant-form-item"
            gutter={0}
          >
            <div
              className="ant-row ant-form-item"
            >
              <Col
                className="ant-form-item-control-wrapper"
                key="wrapper"
              >
                <div
                  className="ant-form-item-control-wrapper"
                >
                  <div
                    className="ant-form-item-control"
                  >
                    <span
                      className="ant-form-item-children"
                    >
                      <label
                        style={
                          Object {
                            "float": "left",
                            "textAlign": "left",
                          }
                        }
                      >
                        Pick-up Location?
                      </label>
                      <Input
                        className="location"
                        disabled={false}
                        placeholder="city, airport, station, region and district..."
                        prefixCls="ant-input"
                        type="text"
                      >
                        <input
                          className="ant-input location"
                          disabled={false}
                          onKeyDown={[Function]}
                          placeholder="city, airport, station, region and district..."
                          type="text"
                        />
                      </Input>
                    </span>
                    <Animate
                      animation={Object {}}
                      component=""
                      componentProps={Object {}}
                      key="help"
                      onAppear={[Function]}
                      onEnd={[Function]}
                      onEnter={[Function]}
                      onLeave={[Function]}
                      transitionAppear={true}
                      transitionEnter={true}
                      transitionLeave={true}
                      transitionName="show-help"
                    />
                  </div>
                </div>
              </Col>
            </div>
          </Row>
        </FormItem>
      </form>
    </Form>
  </div>
</Searchbox>
`;
